UseThisIniFile
SetIniFilePath
GeteConfInstance
IniteConf
AddTerminalEventsListener
RemoveTerminalEventsListener
AddSIPTerminalEventsListener
RemoveSIPTerminalEventsListener
AddAVControlEventsListener
RemoveAVControlEventsListener
ReleaseeConfInstance
GetEConfVersionInfo
GetEConfPathName
IsEConfAlive
Call
CallEx
Hangup
AcceptCall
AcceptCallEx
RejectCall
RejectCallEx
SendDTMF
AcceptTransfertCall
RejectTransfertCall
AcceptReplaceCall
RejectReplaceCall
TransferCall
TransfertCallWithReplace
HoldCall
SendText
InitGKRegistration
GKUnregister
StartPreview
StopPreview
InitPluginList
GetH323CallId
GetIsGKActive
GetSIPCallId
IsConnected
IsCalling
GetNetworkState
GetPeerAddress
IsCaller
MuteAudioInput
MuteAudioInputByChannelID
SetAudioInputGain
SetAudioInputGainByChannelID
MuteAudioOutput
MuteAudioOutputByChannelID
SetAudioOutputGain
SetAudioOutputGainByChannelID
ToggleFullScreenMode
MuteVideoChannel
SetRemoteVideoWindow
StopChannel
OpenChannel
OpenChannelEx
SetChannelDirection
RenegotiateMedia
AddCodecToCall
EnableDataSending
IsAudioInputMuted
GetAudioInputGain
IsAudioOutputMuted
GetAudioOutputGain
IsVideoChannelMuted
GetRemoteVideoWindow
RTPInfo
SetUseGateKeeper
SetGateKeeperConfig
SelectGatekeeper
SetLocalIpToUse
ForceUseOfNICAdapter
SetIsNetAdapterAutomaticallySelected
SetGlobalBandwidth
SetUseVideoBitrateRegulation
SetVideoRegulationThresHold
SetRASTimeToLive
SetRASFirstTimeout
SetRASLastTimeout
StartBench
StopBench
ActivateCodec
ActivateAudioCodecs
ActivateVideoCodecs
ActivateDataCodecs
SetUseSNMP
SetUseH245Tunneling
SetUseSymetricRTPPorts
SetRegistryBaseKey
ReloadConfig
SaveConfig
SetConferenceUserName
SetConferenceUserFirstName
SetConferenceEmailAddress
SetConferenceAddress
SetConferenceInfoCard
GetUseGateKeeper
GetGateKeeperConfig
GetSelectedGatekeeper
GetLocalIpToUse
GetNumberOfNICAdapters
GetNICAdapaterInformations
GetCurrentNICAdapter
GetLocalIPAddress
GetIPNetworkType
GetIsNetAdapterAutomaticallySelected
GetGlobalBandwidth
GetUseVideoBitrateRegulation
GetVideoRegulationThresHold
GetRASTimeToLive
GetRASFirstTimeout
GetRASLastTimeout
IsCodecActivated
IsCodecAvailable
GetUseSNMP
GetUseH245Tunneling
GetUseSymetricRTPPorts
GetRegistryBaseKey
GetRegistryRootKey
GetInstalledCommunicationKit
GetConferenceUserName
GetConferenceUserFirstName
GetConferenceEmailAddress
GetConferenceAddress
GetConferenceInfoCard
SetVideoPreviewWindow
SelectVideoGrabber
OpenVideoSourceSelectionPanel
OpenVideoDriverConfigPanel
ForceVideoDevicesDetection
SetVideoSourceType
SaveVideoConfig
SetPreviewWindowFormat
GetVideoGrabberCount
GetVideoGrabberNameByIndex
GetSelectedVideoGrabber
GetPreviewWindow
HasMultipleSources
GetVideoSourceType
SetAudioConfigured
SelectAudioRecordDevice
SelectAudioPlaybackDevice
StartAudioPlaybackTest
StopAudioPlaybackTest
StartAudioRecordTest
StopAudioRecordTest
StartAudioAECTest
StopAudioAECTest
SetUseOfAEC
SetAutoAudioAdjust
OpenAudioDeviceConfigPanel
ForceAudioDevicesDetection
SaveAudioConfig
SetUseOfNoiseReduction
SetAECDefaultCalibrationValue
SetUpWinCapturePlaybackForVoIP
SetWinCaptureGain
SetWinPlaybackGain
SetSystemAudioMixerSettings
SetConferenceAudioMixerSettings
IsAudioConfigured
GetAudioRecordDevicesCount
GetAudioRecordDeviceNameByIndex
GetSelectedAudioRecordDevice
GetAudioPlaybackDevicesCount
GetAudioPlaybackDeviceNameByIndex
GetSelectedAudioPlaybackDevice
TestAudioFullDuplex
GetAudioPlaybackLevel
GetAudioRecordLevel
GetAudioCurrentMixerInVolume
IsAECCalibrationRunning
AECNeedsCalibration
GetUseOfAEC
GetAECCalibration
GetAutoAudioAdjust
GetUseOfNoiseReduction
IsAECCalibrationTestRecommended
GetWinCaptureGain
GetWinPlaybackGain
PerformRegister
PerformUnregister
SetLocalPresenceStatus
RegisterEventPackage
Subscribe
SubscribeEx
RemoveSubscription
AcceptSubscription
RejectSubscription
SendIMMessage
SendINFOMessageInCall
SendINFOMessageOutOfCall
SendAdditionalRegister
SendAdditionalUnregister
SendIMMessageInCall
NotifyStatus
PublishStatus
AddHeader
UpdateHeader
RemoveHeader
GetRegistrationCount
GetRegistrationInfo
GetRegistrationResult
GetLocalInformationsFromUserName
GetHeaderValue
SetUseDefaultLocalPort
SaveSipConfig
SetUseRegistrarInfo
SetUseDefaultRegistrarPort
SetUseOutboundProxyInfo
SetUseDefaultOutboundProxyPort
SetRegistrarAddress
SetOutboundProxyAddress
SetLoginName
SetUserPassword
SetDialDomain
SetRegistrationDelay
SetRegistrationPreference
SetUseTCP
SetUseFQDN
SetDisplayName
SetAllowPresence
SetMaxNumContact
SetUserName
SetMaxCallingDuration
SetMaxCalleeDuration
SetSessionubject
SetUserAgent
SetMaxMsgSize
SetUseSymetricPortNumber
SetCheckVersionInSDP
SetIMSCompatibility
SetIsAnonymousCall
SetPresenceServerAddress
SetUseDeclineWhenHangup
SetPreferenceParameterValue
SetUsePreferenceParameter
SetRegistrarPortNumber
SetOutboundProxyPortNumber
SetLocalPortNumber
SetReferIncomingCall
SetReferURI
SetFromTicketInfo
SetTLSTransportMethod
SetTLSServerCertFilePath
SetTLSCACertFilePath
SetTLSCertDepth
SetMaxRegClient
SetUseRport
GetUseRegistrarInfo
GetUseDefaultRegistrarPort
GetUseOutboundProxyInfo
GetUseDefaultOutboundProxyPort
GetRegistrarAddress
GetOutboundProxyAddress
GetLoginName
GetUserPassword
GetDialDomain
GetRegistrationDelay
GetRegistrationPreference
GetUseTCP
GetUseFQDN
GetDisplayName
GetAllowPresence
GetMaxNumContact
GetUserName
GetMaxCallingDuration
GetMaxCalleeDuration
GetSessionSubject
GetUserAgent
GetMaxMsgSize
GetUseSymetricPortNumber
GetCheckVersionInSDP
GetIMSCompatibility
GetIsAnonymousCall
GetPresenceServerAddress
GetUseDeclineWhenHangup
GetPreferenceParameterValue
GetUsePreferenceParameter
GetRegistrarPortNumber
GetOutboundProxyPortNumber
GetLocalPortNumber
GetReferIncomingCall
GetReferURI
GetFromTicketInfo
GetTLSTransportMethod
GetTLSServerCertFilePath
GetTLSCACertFilePath
GetTLSCertDepth
GetMaxRegClient
GetUseRport
LaunchListener
